\BOOKMARK [-1][-]{part.1}{I 第一部分}{}
\BOOKMARK [0][-]{chapter.1}{测试}{part.1}
\BOOKMARK [1][-]{section.1.1}{hello, world}{chapter.1}
\BOOKMARK [2][-]{subsection.1.1.1}{hell.....}{section.1.1}
\BOOKMARK [-1][-]{part.2}{II 第2部分}{}
\BOOKMARK [0][-]{chapter.2}{2}{part.2}
\BOOKMARK [0][-]{appendix.A}{hello A}{part.2}
\BOOKMARK [0][-]{appendix.B}{B}{part.2}
