\BOOKMARK [0][-]{chapter*.1}{\376\377\175\042\137\025}{}% 1
\BOOKMARK [1][-]{section*.2}{\376\377\172\340\202\202\143\317\217\360}{chapter*.1}% 2
\BOOKMARK [0][-]{section*.2}{\376\377\145\207\000\040\163\056}{}% 3
\BOOKMARK [0][-]{chapter.1}{\376\377\172\340\150\007\230\230}{}% 4
\BOOKMARK [1][-]{section.1.1}{\376\377\202\202\150\007\230\230}{chapter.1}% 5
\BOOKMARK [2][-]{subsection.1.1.1}{\376\377\134\017\202\202\150\007\230\230}{section.1.1}% 6
